------------------------------------------------------------
Timing Analyzer Summary
------------------------------------------------------------

Type  : Slow 1100mV 85C Model Setup 'modeSelector[0]'
Slack : -8.529
TNS   : -112.843

Type  : Slow 1100mV 85C Model Setup 'clk'
Slack : -5.858
TNS   : -10158.605

Type  : Slow 1100mV 85C Model Hold 'clk'
Slack : 0.360
TNS   : 0.000

Type  : Slow 1100mV 85C Model Hold 'modeSelector[0]'
Slack : 1.004
TNS   : 0.000

Type  : Slow 1100mV 85C Model Minimum Pulse Width 'clk'
Slack : -0.394
TNS   : -1650.220

Type  : Slow 1100mV 85C Model Minimum Pulse Width 'modeSelector[0]'
Slack : 0.129
TNS   : 0.000

Type  : Slow 1100mV 0C Model Setup 'modeSelector[0]'
Slack : -8.521
TNS   : -112.165

Type  : Slow 1100mV 0C Model Setup 'clk'
Slack : -5.744
TNS   : -10003.295

Type  : Slow 1100mV 0C Model Hold 'clk'
Slack : 0.329
TNS   : 0.000

Type  : Slow 1100mV 0C Model Hold 'modeSelector[0]'
Slack : 0.785
TNS   : 0.000

Type  : Slow 1100mV 0C Model Minimum Pulse Width 'clk'
Slack : -0.394
TNS   : -1507.712

Type  : Slow 1100mV 0C Model Minimum Pulse Width 'modeSelector[0]'
Slack : 0.110
TNS   : 0.000

Type  : Fast 1100mV 85C Model Setup 'modeSelector[0]'
Slack : -4.293
TNS   : -56.025

Type  : Fast 1100mV 85C Model Setup 'clk'
Slack : -3.268
TNS   : -5290.312

Type  : Fast 1100mV 85C Model Hold 'clk'
Slack : 0.176
TNS   : 0.000

Type  : Fast 1100mV 85C Model Hold 'modeSelector[0]'
Slack : 0.694
TNS   : 0.000

Type  : Fast 1100mV 85C Model Minimum Pulse Width 'clk'
Slack : -0.348
TNS   : -795.115

Type  : Fast 1100mV 85C Model Minimum Pulse Width 'modeSelector[0]'
Slack : -0.082
TNS   : -1.054

Type  : Fast 1100mV 0C Model Setup 'modeSelector[0]'
Slack : -4.035
TNS   : -52.798

Type  : Fast 1100mV 0C Model Setup 'clk'
Slack : -2.881
TNS   : -4590.304

Type  : Fast 1100mV 0C Model Hold 'clk'
Slack : 0.167
TNS   : 0.000

Type  : Fast 1100mV 0C Model Hold 'modeSelector[0]'
Slack : 0.518
TNS   : 0.000

Type  : Fast 1100mV 0C Model Minimum Pulse Width 'clk'
Slack : -0.326
TNS   : -746.210

Type  : Fast 1100mV 0C Model Minimum Pulse Width 'modeSelector[0]'
Slack : -0.072
TNS   : -0.798

------------------------------------------------------------
